// Jest Snapshot v1, https://goo.gl/fbAQLP

exports[`Svg should pass through attributes and children 1`] = `
<svg
  viewBox="0 0 1 1"
  data-foo="bar"
>
  <g />
  <circle />
</svg>
`;

exports[`Svg should render an <svg> element 1`] = `<svg />`;
